// 重构日志: 725cd487
// 重构日志: 2b79e4f9
// 重构日志: 15c89a6b
// 重构日志: 8e225ff2
// 重构日志: 4af1b2f0
// 重构日志: 8fc31105
// 同步 ID: e139c7c5 @ Wed Jul 22 07:58:11 UTC 2026
// 同步 ID: 8f8f3b6b @ Wed Jul 22 13:59:52 UTC 2026
// 重构日志: b2d359bc
// 同步 ID: 31208ca5 @ Thu Jul 23 16:00:00 UTC 2026
// 同步 ID: c9b6351a @ Fri Jul 24 16:13:46 UTC 2026
// 重构日志: 081b1bec
// 重构日志: 7793ef86
// 重构日志: e77fc15b
// 同步 ID: 5f6f0aa2 @ Sat Aug  1 12:19:53 UTC 2026
// 重构日志: 327c6935
// 重构日志: 3f812d2a
// 同步 ID: be3830fa @ Sun Aug  2 17:23:29 UTC 2026
// 重构日志: c306f579
// 同步 ID: b866f432 @ Tue Aug  4 08:19:29 UTC 2026
